Archive member included because of file (symbol)

c:/program files/atmel/atmel toolchain/avr8 gcc/native/3.4.1061/avr8-gnu-toolchain/bin/../lib/gcc/avr/4.8.1/avr5\libgcc.a(_divmodhi4.o)
                              FDR-1.o (__divmodhi4)
c:/program files/atmel/atmel toolchain/avr8 gcc/native/3.4.1061/avr8-gnu-toolchain/bin/../lib/gcc/avr/4.8.1/avr5\libgcc.a(_exit.o)
                              c:/program files/atmel/atmel toolchain/avr8 gcc/native/3.4.1061/avr8-gnu-toolchain/bin/../lib/gcc/avr/4.8.1/../../../../avr/lib/avr5/crtm16a.o (exit)
c:/program files/atmel/atmel toolchain/avr8 gcc/native/3.4.1061/avr8-gnu-toolchain/bin/../lib/gcc/avr/4.8.1/avr5\libgcc.a(_tablejump.o)
                              FDR-1.o (__tablejump2__)
c:/program files/atmel/atmel toolchain/avr8 gcc/native/3.4.1061/avr8-gnu-toolchain/bin/../lib/gcc/avr/4.8.1/avr5\libgcc.a(_copy_data.o)
                              FDR-1.o (__do_copy_data)
c:/program files/atmel/atmel toolchain/avr8 gcc/native/3.4.1061/avr8-gnu-toolchain/bin/../lib/gcc/avr/4.8.1/avr5\libgcc.a(_clear_bss.o)
                              FDR-1.o (__do_clear_bss)
c:/program files/atmel/atmel toolchain/avr8 gcc/native/3.4.1061/avr8-gnu-toolchain/bin/../lib/gcc/avr/4.8.1/avr5\libgcc.a(_udivmodhi4.o)
                              c:/program files/atmel/atmel toolchain/avr8 gcc/native/3.4.1061/avr8-gnu-toolchain/bin/../lib/gcc/avr/4.8.1/avr5\libgcc.a(_divmodhi4.o) (__udivmodhi4)

Allocating common symbols
Common symbol       size              file

SETPOINT            0x1               FDR-1.o
Num                 0x4               FDR-1.o
Disp2               0x1               FDR-1.o
VALVEM              0x1               FDR-1.o
SETPOINTm           0x1               FDR-1.o
RS2                 0x1               FDR-1.o
d1                  0x2               FDR-1.o
TErr1               0x1               FDR-1.o
UDRbuf              0xff              FDR-1.o
ANSWER_BUF          0xff              FDR-1.o
Disp1               0x1               FDR-1.o
SPEEDM              0x1               FDR-1.o
scratchpad2         0x9               FDR-1.o
d2                  0x2               FDR-1.o
Dig                 0x1e              FDR-1.o
SPEED               0x1               FDR-1.o
TErr2               0x1               FDR-1.o
VALVE               0x1               FDR-1.o
ADDRESS             0x1               FDR-1.o
ADD1                0x1               FDR-1.o
scratchpad1         0x9               FDR-1.o
BOUD                0x1               FDR-1.o
Disp3               0x1               FDR-1.o
d3                  0x2               FDR-1.o

Discarded input sections

 .data          0x00000000        0x0 c:/program files/atmel/atmel toolchain/avr8 gcc/native/3.4.1061/avr8-gnu-toolchain/bin/../lib/gcc/avr/4.8.1/../../../../avr/lib/avr5/crtm16a.o
 .bss           0x00000000        0x0 c:/program files/atmel/atmel toolchain/avr8 gcc/native/3.4.1061/avr8-gnu-toolchain/bin/../lib/gcc/avr/4.8.1/../../../../avr/lib/avr5/crtm16a.o
 .text          0x00000000        0x0 FDR-1.o
 .data          0x00000000        0x0 FDR-1.o
 .bss           0x00000000        0x0 FDR-1.o
 .text          0x00000000        0x0 OWI/OWIBitFunctions.o
 .data          0x00000000        0x0 OWI/OWIBitFunctions.o
 .bss           0x00000000        0x0 OWI/OWIBitFunctions.o
 .text          0x00000000        0x0 OWI/OWIcrc.o
 .data          0x00000000        0x0 OWI/OWIcrc.o
 .bss           0x00000000        0x0 OWI/OWIcrc.o
 .text.OWI_ComputeCRC8
                0x00000000       0x20 OWI/OWIcrc.o
 .text.OWI_ComputeCRC16
                0x00000000       0x28 OWI/OWIcrc.o
 .text.OWI_CheckRomCRC
                0x00000000       0x40 OWI/OWIcrc.o
 .text.OWI_CheckScratchPadCRC
                0x00000000       0x40 OWI/OWIcrc.o
 .debug_info    0x00000000      0x1c0 OWI/OWIcrc.o
 .debug_abbrev  0x00000000       0xbf OWI/OWIcrc.o
 .debug_loc     0x00000000      0x38c OWI/OWIcrc.o
 .debug_aranges
                0x00000000       0x38 OWI/OWIcrc.o
 .debug_ranges  0x00000000       0x28 OWI/OWIcrc.o
 .debug_line    0x00000000       0xa9 OWI/OWIcrc.o
 .debug_str     0x00000000      0x1d2 OWI/OWIcrc.o
 .comment       0x00000000       0x31 OWI/OWIcrc.o
 .debug_frame   0x00000000       0x94 OWI/OWIcrc.o
 .text          0x00000000        0x0 OWI/OWIHighLevelFunctions.o
 .data          0x00000000        0x0 OWI/OWIHighLevelFunctions.o
 .bss           0x00000000        0x0 OWI/OWIHighLevelFunctions.o
 .text.OWI_ReadRom
                0x00000000       0x34 OWI/OWIHighLevelFunctions.o
 .text.OWI_MatchRom
                0x00000000       0x34 OWI/OWIHighLevelFunctions.o
 .text.OWI_SearchRom
                0x00000000       0xc2 OWI/OWIHighLevelFunctions.o
 .text.OWI_SearchDevices
                0x00000000       0xda OWI/OWIHighLevelFunctions.o
 .text.FindFamily
                0x00000000       0x36 OWI/OWIHighLevelFunctions.o
 .text          0x00000000        0x0 c:/program files/atmel/atmel toolchain/avr8 gcc/native/3.4.1061/avr8-gnu-toolchain/bin/../lib/gcc/avr/4.8.1/avr5\libgcc.a(_divmodhi4.o)
 .data          0x00000000        0x0 c:/program files/atmel/atmel toolchain/avr8 gcc/native/3.4.1061/avr8-gnu-toolchain/bin/../lib/gcc/avr/4.8.1/avr5\libgcc.a(_divmodhi4.o)
 .bss           0x00000000        0x0 c:/program files/atmel/atmel toolchain/avr8 gcc/native/3.4.1061/avr8-gnu-toolchain/bin/../lib/gcc/avr/4.8.1/avr5\libgcc.a(_divmodhi4.o)
 .text.libgcc.mul
                0x00000000        0x0 c:/program files/atmel/atmel toolchain/avr8 gcc/native/3.4.1061/avr8-gnu-toolchain/bin/../lib/gcc/avr/4.8.1/avr5\libgcc.a(_divmodhi4.o)
 .text.libgcc   0x00000000        0x0 c:/program files/atmel/atmel toolchain/avr8 gcc/native/3.4.1061/avr8-gnu-toolchain/bin/../lib/gcc/avr/4.8.1/avr5\libgcc.a(_divmodhi4.o)
 .text.libgcc.prologue
                0x00000000        0x0 c:/program files/atmel/atmel toolchain/avr8 gcc/native/3.4.1061/avr8-gnu-toolchain/bin/../lib/gcc/avr/4.8.1/avr5\libgcc.a(_divmodhi4.o)
 .text.libgcc.builtins
                0x00000000        0x0 c:/program files/atmel/atmel toolchain/avr8 gcc/native/3.4.1061/avr8-gnu-toolchain/bin/../lib/gcc/avr/4.8.1/avr5\libgcc.a(_divmodhi4.o)
 .text.libgcc.fmul
                0x00000000        0x0 c:/program files/atmel/atmel toolchain/avr8 gcc/native/3.4.1061/avr8-gnu-toolchain/bin/../lib/gcc/avr/4.8.1/avr5\libgcc.a(_divmodhi4.o)
 .text.libgcc.fixed
                0x00000000        0x0 c:/program files/atmel/atmel toolchain/avr8 gcc/native/3.4.1061/avr8-gnu-toolchain/bin/../lib/gcc/avr/4.8.1/avr5\libgcc.a(_divmodhi4.o)
 .text          0x00000000        0x0 c:/program files/atmel/atmel toolchain/avr8 gcc/native/3.4.1061/avr8-gnu-toolchain/bin/../lib/gcc/avr/4.8.1/avr5\libgcc.a(_exit.o)
 .data          0x00000000        0x0 c:/program files/atmel/atmel toolchain/avr8 gcc/native/3.4.1061/avr8-gnu-toolchain/bin/../lib/gcc/avr/4.8.1/avr5\libgcc.a(_exit.o)
 .bss           0x00000000        0x0 c:/program files/atmel/atmel toolchain/avr8 gcc/native/3.4.1061/avr8-gnu-toolchain/bin/../lib/gcc/avr/4.8.1/avr5\libgcc.a(_exit.o)
 .text.libgcc.mul
                0x00000000        0x0 c:/program files/atmel/atmel toolchain/avr8 gcc/native/3.4.1061/avr8-gnu-toolchain/bin/../lib/gcc/avr/4.8.1/avr5\libgcc.a(_exit.o)
 .text.libgcc.div
                0x00000000        0x0 c:/program files/atmel/atmel toolchain/avr8 gcc/native/3.4.1061/avr8-gnu-toolchain/bin/../lib/gcc/avr/4.8.1/avr5\libgcc.a(_exit.o)
 .text.libgcc   0x00000000        0x0 c:/program files/atmel/atmel toolchain/avr8 gcc/native/3.4.1061/avr8-gnu-toolchain/bin/../lib/gcc/avr/4.8.1/avr5\libgcc.a(_exit.o)
 .text.libgcc.prologue
                0x00000000        0x0 c:/program files/atmel/atmel toolchain/avr8 gcc/native/3.4.1061/avr8-gnu-toolchain/bin/../lib/gcc/avr/4.8.1/avr5\libgcc.a(_exit.o)
 .text.libgcc.builtins
                0x00000000        0x0 c:/program files/atmel/atmel toolchain/avr8 gcc/native/3.4.1061/avr8-gnu-toolchain/bin/../lib/gcc/avr/4.8.1/avr5\libgcc.a(_exit.o)
 .text.libgcc.fmul
                0x00000000        0x0 c:/program files/atmel/atmel toolchain/avr8 gcc/native/3.4.1061/avr8-gnu-toolchain/bin/../lib/gcc/avr/4.8.1/avr5\libgcc.a(_exit.o)
 .text.libgcc.fixed
                0x00000000        0x0 c:/program files/atmel/atmel toolchain/avr8 gcc/native/3.4.1061/avr8-gnu-toolchain/bin/../lib/gcc/avr/4.8.1/avr5\libgcc.a(_exit.o)
 .text          0x00000000        0x0 c:/program files/atmel/atmel toolchain/avr8 gcc/native/3.4.1061/avr8-gnu-toolchain/bin/../lib/gcc/avr/4.8.1/avr5\libgcc.a(_tablejump.o)
 .data          0x00000000        0x0 c:/program files/atmel/atmel toolchain/avr8 gcc/native/3.4.1061/avr8-gnu-toolchain/bin/../lib/gcc/avr/4.8.1/avr5\libgcc.a(_tablejump.o)
 .bss           0x00000000        0x0 c:/program files/atmel/atmel toolchain/avr8 gcc/native/3.4.1061/avr8-gnu-toolchain/bin/../lib/gcc/avr/4.8.1/avr5\libgcc.a(_tablejump.o)
 .text.libgcc.mul
                0x00000000        0x0 c:/program files/atmel/atmel toolchain/avr8 gcc/native/3.4.1061/avr8-gnu-toolchain/bin/../lib/gcc/avr/4.8.1/avr5\libgcc.a(_tablejump.o)
 .text.libgcc.div
                0x00000000        0x0 c:/program files/atmel/atmel toolchain/avr8 gcc/native/3.4.1061/avr8-gnu-toolchain/bin/../lib/gcc/avr/4.8.1/avr5\libgcc.a(_tablejump.o)
 .text.libgcc.prologue
                0x00000000        0x0 c:/program files/atmel/atmel toolchain/avr8 gcc/native/3.4.1061/avr8-gnu-toolchain/bin/../lib/gcc/avr/4.8.1/avr5\libgcc.a(_tablejump.o)
 .text.libgcc.builtins
                0x00000000        0x0 c:/program files/atmel/atmel toolchain/avr8 gcc/native/3.4.1061/avr8-gnu-toolchain/bin/../lib/gcc/avr/4.8.1/avr5\libgcc.a(_tablejump.o)
 .text.libgcc.fmul
                0x00000000        0x0 c:/program files/atmel/atmel toolchain/avr8 gcc/native/3.4.1061/avr8-gnu-toolchain/bin/../lib/gcc/avr/4.8.1/avr5\libgcc.a(_tablejump.o)
 .text.libgcc.fixed
                0x00000000        0x0 c:/program files/atmel/atmel toolchain/avr8 gcc/native/3.4.1061/avr8-gnu-toolchain/bin/../lib/gcc/avr/4.8.1/avr5\libgcc.a(_tablejump.o)
 .text          0x00000000        0x0 c:/program files/atmel/atmel toolchain/avr8 gcc/native/3.4.1061/avr8-gnu-toolchain/bin/../lib/gcc/avr/4.8.1/avr5\libgcc.a(_copy_data.o)
 .data          0x00000000        0x0 c:/program files/atmel/atmel toolchain/avr8 gcc/native/3.4.1061/avr8-gnu-toolchain/bin/../lib/gcc/avr/4.8.1/avr5\libgcc.a(_copy_data.o)
 .bss           0x00000000        0x0 c:/program files/atmel/atmel toolchain/avr8 gcc/native/3.4.1061/avr8-gnu-toolchain/bin/../lib/gcc/avr/4.8.1/avr5\libgcc.a(_copy_data.o)
 .text.libgcc.mul
                0x00000000        0x0 c:/program files/atmel/atmel toolchain/avr8 gcc/native/3.4.1061/avr8-gnu-toolchain/bin/../lib/gcc/avr/4.8.1/avr5\libgcc.a(_copy_data.o)
 .text.libgcc.div
                0x00000000        0x0 c:/program files/atmel/atmel toolchain/avr8 gcc/native/3.4.1061/avr8-gnu-toolchain/bin/../lib/gcc/avr/4.8.1/avr5\libgcc.a(_copy_data.o)
 .text.libgcc   0x00000000        0x0 c:/program files/atmel/atmel toolchain/avr8 gcc/native/3.4.1061/avr8-gnu-toolchain/bin/../lib/gcc/avr/4.8.1/avr5\libgcc.a(_copy_data.o)
 .text.libgcc.prologue
                0x00000000        0x0 c:/program files/atmel/atmel toolchain/avr8 gcc/native/3.4.1061/avr8-gnu-toolchain/bin/../lib/gcc/avr/4.8.1/avr5\libgcc.a(_copy_data.o)
 .text.libgcc.builtins
                0x00000000        0x0 c:/program files/atmel/atmel toolchain/avr8 gcc/native/3.4.1061/avr8-gnu-toolchain/bin/../lib/gcc/avr/4.8.1/avr5\libgcc.a(_copy_data.o)
 .text.libgcc.fmul
                0x00000000        0x0 c:/program files/atmel/atmel toolchain/avr8 gcc/native/3.4.1061/avr8-gnu-toolchain/bin/../lib/gcc/avr/4.8.1/avr5\libgcc.a(_copy_data.o)
 .text.libgcc.fixed
                0x00000000        0x0 c:/program files/atmel/atmel toolchain/avr8 gcc/native/3.4.1061/avr8-gnu-toolchain/bin/../lib/gcc/avr/4.8.1/avr5\libgcc.a(_copy_data.o)
 .text          0x00000000        0x0 c:/program files/atmel/atmel toolchain/avr8 gcc/native/3.4.1061/avr8-gnu-toolchain/bin/../lib/gcc/avr/4.8.1/avr5\libgcc.a(_clear_bss.o)
 .data          0x00000000        0x0 c:/program files/atmel/atmel toolchain/avr8 gcc/native/3.4.1061/avr8-gnu-toolchain/bin/../lib/gcc/avr/4.8.1/avr5\libgcc.a(_clear_bss.o)
 .bss           0x00000000        0x0 c:/program files/atmel/atmel toolchain/avr8 gcc/native/3.4.1061/avr8-gnu-toolchain/bin/../lib/gcc/avr/4.8.1/avr5\libgcc.a(_clear_bss.o)
 .text.libgcc.mul
                0x00000000        0x0 c:/program files/atmel/atmel toolchain/avr8 gcc/native/3.4.1061/avr8-gnu-toolchain/bin/../lib/gcc/avr/4.8.1/avr5\libgcc.a(_clear_bss.o)
 .text.libgcc.div
                0x00000000        0x0 c:/program files/atmel/atmel toolchain/avr8 gcc/native/3.4.1061/avr8-gnu-toolchain/bin/../lib/gcc/avr/4.8.1/avr5\libgcc.a(_clear_bss.o)
 .text.libgcc   0x00000000        0x0 c:/program files/atmel/atmel toolchain/avr8 gcc/native/3.4.1061/avr8-gnu-toolchain/bin/../lib/gcc/avr/4.8.1/avr5\libgcc.a(_clear_bss.o)
 .text.libgcc.prologue
                0x00000000        0x0 c:/program files/atmel/atmel toolchain/avr8 gcc/native/3.4.1061/avr8-gnu-toolchain/bin/../lib/gcc/avr/4.8.1/avr5\libgcc.a(_clear_bss.o)
 .text.libgcc.builtins
                0x00000000        0x0 c:/program files/atmel/atmel toolchain/avr8 gcc/native/3.4.1061/avr8-gnu-toolchain/bin/../lib/gcc/avr/4.8.1/avr5\libgcc.a(_clear_bss.o)
 .text.libgcc.fmul
                0x00000000        0x0 c:/program files/atmel/atmel toolchain/avr8 gcc/native/3.4.1061/avr8-gnu-toolchain/bin/../lib/gcc/avr/4.8.1/avr5\libgcc.a(_clear_bss.o)
 .text.libgcc.fixed
                0x00000000        0x0 c:/program files/atmel/atmel toolchain/avr8 gcc/native/3.4.1061/avr8-gnu-toolchain/bin/../lib/gcc/avr/4.8.1/avr5\libgcc.a(_clear_bss.o)
 .text          0x00000000        0x0 c:/program files/atmel/atmel toolchain/avr8 gcc/native/3.4.1061/avr8-gnu-toolchain/bin/../lib/gcc/avr/4.8.1/avr5\libgcc.a(_udivmodhi4.o)
 .data          0x00000000        0x0 c:/program files/atmel/atmel toolchain/avr8 gcc/native/3.4.1061/avr8-gnu-toolchain/bin/../lib/gcc/avr/4.8.1/avr5\libgcc.a(_udivmodhi4.o)
 .bss           0x00000000        0x0 c:/program files/atmel/atmel toolchain/avr8 gcc/native/3.4.1061/avr8-gnu-toolchain/bin/../lib/gcc/avr/4.8.1/avr5\libgcc.a(_udivmodhi4.o)
 .text.libgcc.mul
                0x00000000        0x0 c:/program files/atmel/atmel toolchain/avr8 gcc/native/3.4.1061/avr8-gnu-toolchain/bin/../lib/gcc/avr/4.8.1/avr5\libgcc.a(_udivmodhi4.o)
 .text.libgcc   0x00000000        0x0 c:/program files/atmel/atmel toolchain/avr8 gcc/native/3.4.1061/avr8-gnu-toolchain/bin/../lib/gcc/avr/4.8.1/avr5\libgcc.a(_udivmodhi4.o)
 .text.libgcc.prologue
                0x00000000        0x0 c:/program files/atmel/atmel toolchain/avr8 gcc/native/3.4.1061/avr8-gnu-toolchain/bin/../lib/gcc/avr/4.8.1/avr5\libgcc.a(_udivmodhi4.o)
 .text.libgcc.builtins
                0x00000000        0x0 c:/program files/atmel/atmel toolchain/avr8 gcc/native/3.4.1061/avr8-gnu-toolchain/bin/../lib/gcc/avr/4.8.1/avr5\libgcc.a(_udivmodhi4.o)
 .text.libgcc.fmul
                0x00000000        0x0 c:/program files/atmel/atmel toolchain/avr8 gcc/native/3.4.1061/avr8-gnu-toolchain/bin/../lib/gcc/avr/4.8.1/avr5\libgcc.a(_udivmodhi4.o)
 .text.libgcc.fixed
                0x00000000        0x0 c:/program files/atmel/atmel toolchain/avr8 gcc/native/3.4.1061/avr8-gnu-toolchain/bin/../lib/gcc/avr/4.8.1/avr5\libgcc.a(_udivmodhi4.o)

Memory Configuration

Name             Origin             Length             Attributes
text             0x00000000         0x00020000         xr
data             0x00800060         0x0000ffa0         rw !x
eeprom           0x00810000         0x00010000         rw !x
fuse             0x00820000         0x00000400         rw !x
lock             0x00830000         0x00000400         rw !x
signature        0x00840000         0x00000400         rw !x
user_signatures  0x00850000         0x00000400         rw !x
*default*        0x00000000         0xffffffff

Linker script and memory map

LOAD c:/program files/atmel/atmel toolchain/avr8 gcc/native/3.4.1061/avr8-gnu-toolchain/bin/../lib/gcc/avr/4.8.1/../../../../avr/lib/avr5/crtm16a.o
LOAD FDR-1.o
LOAD OWI/OWIBitFunctions.o
LOAD OWI/OWIcrc.o
LOAD OWI/OWIHighLevelFunctions.o
START GROUP
LOAD c:/program files/atmel/atmel toolchain/avr8 gcc/native/3.4.1061/avr8-gnu-toolchain/bin/../lib/gcc/avr/4.8.1/../../../../avr/lib/avr5\libm.a
END GROUP
START GROUP
LOAD c:/program files/atmel/atmel toolchain/avr8 gcc/native/3.4.1061/avr8-gnu-toolchain/bin/../lib/gcc/avr/4.8.1/avr5\libgcc.a
LOAD c:/program files/atmel/atmel toolchain/avr8 gcc/native/3.4.1061/avr8-gnu-toolchain/bin/../lib/gcc/avr/4.8.1/../../../../avr/lib/avr5\libm.a
LOAD c:/program files/atmel/atmel toolchain/avr8 gcc/native/3.4.1061/avr8-gnu-toolchain/bin/../lib/gcc/avr/4.8.1/../../../../avr/lib/avr5\libc.a
END GROUP

.hash
 *(.hash)

.dynsym
 *(.dynsym)

.dynstr
 *(.dynstr)

.gnu.version
 *(.gnu.version)

.gnu.version_d
 *(.gnu.version_d)

.gnu.version_r
 *(.gnu.version_r)

.rel.init
 *(.rel.init)

.rela.init
 *(.rela.init)

.rel.text
 *(.rel.text)
 *(.rel.text.*)
 *(.rel.gnu.linkonce.t*)

.rela.text
 *(.rela.text)
 *(.rela.text.*)
 *(.rela.gnu.linkonce.t*)

.rel.fini
 *(.rel.fini)

.rela.fini
 *(.rela.fini)

.rel.rodata
 *(.rel.rodata)
 *(.rel.rodata.*)
 *(.rel.gnu.linkonce.r*)

.rela.rodata
 *(.rela.rodata)
 *(.rela.rodata.*)
 *(.rela.gnu.linkonce.r*)

.rel.data
 *(.rel.data)
 *(.rel.data.*)
 *(.rel.gnu.linkonce.d*)

.rela.data
 *(.rela.data)
 *(.rela.data.*)
 *(.rela.gnu.linkonce.d*)

.rel.ctors
 *(.rel.ctors)

.rela.ctors
 *(.rela.ctors)

.rel.dtors
 *(.rel.dtors)

.rela.dtors
 *(.rela.dtors)

.rel.got
 *(.rel.got)

.rela.got
 *(.rela.got)

.rel.bss
 *(.rel.bss)

.rela.bss
 *(.rela.bss)

.rel.plt
 *(.rel.plt)

.rela.plt
 *(.rela.plt)

.text           0x00000000     0x1182
 *(.vectors)
 .vectors       0x00000000       0x54 c:/program files/atmel/atmel toolchain/avr8 gcc/native/3.4.1061/avr8-gnu-toolchain/bin/../lib/gcc/avr/4.8.1/../../../../avr/lib/avr5/crtm16a.o
                0x00000000                __vector_default
                0x00000000                __vectors
 *(.vectors)
 *(.progmem.gcc*)
 .progmem.gcc_sw_table.__vector_11
                0x00000054       0x10 FDR-1.o
                0x00000064                . = ALIGN (0x2)
                0x00000064                __trampolines_start = .
 *(.trampolines)
 .trampolines   0x00000064        0x0 linker stubs
 *(.trampolines*)
                0x00000064                __trampolines_end = .
 *(.progmem*)
 .progmem.data.auchCRCLo
                0x00000064      0x100 FDR-1.o
                0x00000064                auchCRCLo
 .progmem.data.auchCRCHi
                0x00000164      0x100 FDR-1.o
                0x00000164                auchCRCHi
                0x00000264                . = ALIGN (0x2)
 *(.jumptables)
 *(.jumptables*)
 *(.lowtext)
 *(.lowtext*)
                0x00000264                __ctors_start = .
 *(.ctors)
                0x00000264                __ctors_end = .
                0x00000264                __dtors_start = .
 *(.dtors)
                0x00000264                __dtors_end = .
 SORT(*)(.ctors)
 SORT(*)(.dtors)
 *(.init0)
 .init0         0x00000264        0x0 c:/program files/atmel/atmel toolchain/avr8 gcc/native/3.4.1061/avr8-gnu-toolchain/bin/../lib/gcc/avr/4.8.1/../../../../avr/lib/avr5/crtm16a.o
                0x00000264                __init
 *(.init0)
 *(.init1)
 *(.init1)
 *(.init2)
 .init2         0x00000264        0xc c:/program files/atmel/atmel toolchain/avr8 gcc/native/3.4.1061/avr8-gnu-toolchain/bin/../lib/gcc/avr/4.8.1/../../../../avr/lib/avr5/crtm16a.o
 *(.init2)
 *(.init3)
 *(.init3)
 *(.init4)
 .init4         0x00000270       0x16 c:/program files/atmel/atmel toolchain/avr8 gcc/native/3.4.1061/avr8-gnu-toolchain/bin/../lib/gcc/avr/4.8.1/avr5\libgcc.a(_copy_data.o)
                0x00000270                __do_copy_data
 .init4         0x00000286       0x10 c:/program files/atmel/atmel toolchain/avr8 gcc/native/3.4.1061/avr8-gnu-toolchain/bin/../lib/gcc/avr/4.8.1/avr5\libgcc.a(_clear_bss.o)
                0x00000286                __do_clear_bss
 *(.init4)
 *(.init5)
 *(.init5)
 *(.init6)
 *(.init6)
 *(.init7)
 *(.init7)
 *(.init8)
 *(.init8)
 *(.init9)
 .init9         0x00000296        0x8 c:/program files/atmel/atmel toolchain/avr8 gcc/native/3.4.1061/avr8-gnu-toolchain/bin/../lib/gcc/avr/4.8.1/../../../../avr/lib/avr5/crtm16a.o
 *(.init9)
 *(.text)
 .text          0x0000029e        0x4 c:/program files/atmel/atmel toolchain/avr8 gcc/native/3.4.1061/avr8-gnu-toolchain/bin/../lib/gcc/avr/4.8.1/../../../../avr/lib/avr5/crtm16a.o
                0x0000029e                __vector_1
                0x0000029e                __bad_interrupt
                0x0000029e                __vector_6
                0x0000029e                __vector_3
                0x0000029e                __vector_13
                0x0000029e                __vector_17
                0x0000029e                __vector_19
                0x0000029e                __vector_7
                0x0000029e                __vector_5
                0x0000029e                __vector_4
                0x0000029e                __vector_2
                0x0000029e                __vector_15
                0x0000029e                __vector_8
                0x0000029e                __vector_14
                0x0000029e                __vector_10
                0x0000029e                __vector_16
                0x0000029e                __vector_18
                0x0000029e                __vector_20
                0x000002a2                . = ALIGN (0x2)
 *(.text.*)
 .text.Write_EEPROM
                0x000002a2       0x32 FDR-1.o
                0x000002a2                Write_EEPROM
 .text.Read_EEPROM
                0x000002d4       0x12 FDR-1.o
                0x000002d4                Read_EEPROM
 .text.Dig_init
                0x000002e6       0xc6 FDR-1.o
                0x000002e6                Dig_init
 .text.Display  0x000003ac       0x12 FDR-1.o
                0x000003ac                Display
 .text.timer0_init
                0x000003be       0x10 FDR-1.o
                0x000003be                timer0_init
 .text.port_init
                0x000003ce       0x22 FDR-1.o
                0x000003ce                port_init
 .text.uart0_init
                0x000003f0        0xe FDR-1.o
                0x000003f0                uart0_init
 .text.WDT_on   0x000003fe        0xc FDR-1.o
                0x000003fe                WDT_on
 .text.init_devices
                0x0000040a       0x34 FDR-1.o
                0x0000040a                init_devices
 .text.__vector_12
                0x0000043e       0x5c FDR-1.o
                0x0000043e                __vector_12
 .text.mb_write
                0x0000049a       0x64 FDR-1.o
                0x0000049a                mb_write
 .text.CRC16    0x000004fe       0x3e FDR-1.o
                0x000004fe                CRC16
 .text.mb_read  0x0000053c      0x102 FDR-1.o
                0x0000053c                mb_read
 .text.__vector_11
                0x0000063e      0x1ae FDR-1.o
                0x0000063e                __vector_11
 .text.CRC_Dall
                0x000007ec       0x24 FDR-1.o
                0x000007ec                CRC_Dall
 .text.t_calculate
                0x00000810       0xd2 FDR-1.o
                0x00000810                t_calculate
 .text.sensor_foo
                0x000008e2       0xd4 FDR-1.o
                0x000008e2                sensor_foo
 .text.__vector_9
                0x000009b6      0x1fc FDR-1.o
                0x000009b6                __vector_9
 .text.main     0x00000bb2      0x422 FDR-1.o
                0x00000bb2                main
 .text.OWI_Init
                0x00000fd4       0x1c OWI/OWIBitFunctions.o
                0x00000fd4                OWI_Init
 .text.OWI_WriteBit1
                0x00000ff0       0x2c OWI/OWIBitFunctions.o
                0x00000ff0                OWI_WriteBit1
 .text.OWI_WriteBit0
                0x0000101c       0x2e OWI/OWIBitFunctions.o
                0x0000101c                OWI_WriteBit0
 .text.OWI_ReadBit
                0x0000104a       0x3a OWI/OWIBitFunctions.o
                0x0000104a                OWI_ReadBit
 .text.OWI_DetectPresence
                0x00001084       0x42 OWI/OWIBitFunctions.o
                0x00001084                OWI_DetectPresence
 .text.OWI_SendByte
                0x000010c6       0x2c OWI/OWIHighLevelFunctions.o
                0x000010c6                OWI_SendByte
 .text.OWI_ReceiveByte
                0x000010f2       0x26 OWI/OWIHighLevelFunctions.o
                0x000010f2                OWI_ReceiveByte
 .text.OWI_SkipRom
                0x00001118        0xa OWI/OWIHighLevelFunctions.o
                0x00001118                OWI_SkipRom
 .text.libgcc.div
                0x00001122       0x28 c:/program files/atmel/atmel toolchain/avr8 gcc/native/3.4.1061/avr8-gnu-toolchain/bin/../lib/gcc/avr/4.8.1/avr5\libgcc.a(_divmodhi4.o)
                0x00001122                _div
                0x00001122                __divmodhi4
 .text.libgcc   0x0000114a        0xc c:/program files/atmel/atmel toolchain/avr8 gcc/native/3.4.1061/avr8-gnu-toolchain/bin/../lib/gcc/avr/4.8.1/avr5\libgcc.a(_tablejump.o)
                0x0000114a                __tablejump2__
                0x0000114e                __tablejump__
 .text.libgcc.div
                0x00001156       0x28 c:/program files/atmel/atmel toolchain/avr8 gcc/native/3.4.1061/avr8-gnu-toolchain/bin/../lib/gcc/avr/4.8.1/avr5\libgcc.a(_udivmodhi4.o)
                0x00001156                __udivmodhi4
                0x0000117e                . = ALIGN (0x2)
 *(.fini9)
 .fini9         0x0000117e        0x0 c:/program files/atmel/atmel toolchain/avr8 gcc/native/3.4.1061/avr8-gnu-toolchain/bin/../lib/gcc/avr/4.8.1/avr5\libgcc.a(_exit.o)
                0x0000117e                _exit
                0x0000117e                exit
 *(.fini9)
 *(.fini8)
 *(.fini8)
 *(.fini7)
 *(.fini7)
 *(.fini6)
 *(.fini6)
 *(.fini5)
 *(.fini5)
 *(.fini4)
 *(.fini4)
 *(.fini3)
 *(.fini3)
 *(.fini2)
 *(.fini2)
 *(.fini1)
 *(.fini1)
 *(.fini0)
 .fini0         0x0000117e        0x4 c:/program files/atmel/atmel toolchain/avr8 gcc/native/3.4.1061/avr8-gnu-toolchain/bin/../lib/gcc/avr/4.8.1/avr5\libgcc.a(_exit.o)
 *(.fini0)
                0x00001182                _etext = .

.data           0x00800060        0xa load address 0x00001182
                0x00800060                PROVIDE (__data_start, .)
 *(.data)
 *(.data*)
 .data.TWAT     0x00800060        0x2 FDR-1.o
                0x00800060                TWAT
 .data.TREG     0x00800062        0x2 FDR-1.o
                0x00800062                TREG
 .data.SENSOR2  0x00800064        0x2 FDR-1.o
                0x00800064                SENSOR2
 .data.SENSOR1  0x00800066        0x2 FDR-1.o
                0x00800066                SENSOR1
 .data.BR       0x00800068        0x1 FDR-1.o
                0x00800068                BR
 *(.rodata)
 *(.rodata*)
 *(.gnu.linkonce.d*)
                0x0080006a                . = ALIGN (0x2)
 *fill*         0x00800069        0x1 
                0x0080006a                _edata = .
                0x0080006a                PROVIDE (__data_end, .)

.bss            0x0080006a      0x25b
                0x0080006a                PROVIDE (__bss_start, .)
 *(.bss)
 *(.bss*)
 .bss.DispValCount
                0x0080006a        0x4 FDR-1.o
                0x0080006a                DispValCount
 .bss.DispValCatch
                0x0080006e        0x1 FDR-1.o
                0x0080006e                DispValCatch
 .bss.DispVal   0x0080006f        0x1 FDR-1.o
                0x0080006f                DispVal
 .bss.cDisp     0x00800070        0x1 FDR-1.o
                0x00800070                cDisp
 .bss.SENSOR3   0x00800071        0x2 FDR-1.o
                0x00800071                SENSOR3
 .bss.RX        0x00800073        0x1 FDR-1.o
                0x00800073                RX
 .bss.ANSWER_POINTER
                0x00800074        0x1 FDR-1.o
                0x00800074                ANSWER_POINTER
 .bss.ANSWER_LEN
                0x00800075        0x1 FDR-1.o
                0x00800075                ANSWER_LEN
 .bss.speed_timer
                0x00800076        0x4 FDR-1.o
                0x00800076                speed_timer
 .bss.timer0    0x0080007a        0x4 FDR-1.o
                0x0080007a                timer0
 *(COMMON)
 COMMON         0x0080007e      0x247 FDR-1.o
                0x0080007e                SETPOINT
                0x0080007f                Num
                0x00800083                Disp2
                0x00800084                VALVEM
                0x00800085                SETPOINTm
                0x00800086                RS2
                0x00800087                d1
                0x00800089                TErr1
                0x0080008a                UDRbuf
                0x00800189                ANSWER_BUF
                0x00800288                Disp1
                0x00800289                SPEEDM
                0x0080028a                scratchpad2
                0x00800293                d2
                0x00800295                Dig
                0x008002b3                SPEED
                0x008002b4                TErr2
                0x008002b5                VALVE
                0x008002b6                ADDRESS
                0x008002b7                ADD1
                0x008002b8                scratchpad1
                0x008002c1                BOUD
                0x008002c2                Disp3
                0x008002c3                d3
                0x008002c5                PROVIDE (__bss_end, .)
                0x00001182                __data_load_start = LOADADDR (.data)
                0x0000118c                __data_load_end = (__data_load_start + SIZEOF (.data))

.noinit         0x008002c5        0x0
                0x008002c5                PROVIDE (__noinit_start, .)
 *(.noinit*)
                0x008002c5                PROVIDE (__noinit_end, .)
                0x008002c5                _end = .
                0x008002c5                PROVIDE (__heap_start, .)

.eeprom         0x00810000        0x0
 *(.eeprom*)
                0x00810000                __eeprom_end = .

.fuse
 *(.fuse)
 *(.lfuse)
 *(.hfuse)
 *(.efuse)

.lock
 *(.lock*)

.signature
 *(.signature*)

.user_signatures
 *(.user_signatures*)

.stab
 *(.stab)

.stabstr
 *(.stabstr)

.stab.excl
 *(.stab.excl)

.stab.exclstr
 *(.stab.exclstr)

.stab.index
 *(.stab.index)

.stab.indexstr
 *(.stab.indexstr)

.comment        0x00000000       0x30
 *(.comment)
 .comment       0x00000000       0x30 FDR-1.o
                                 0x31 (size before relaxing)
 .comment       0x00000000       0x31 OWI/OWIBitFunctions.o
 .comment       0x00000000       0x31 OWI/OWIHighLevelFunctions.o

.note.gnu.build-id
 *(.note.gnu.build-id)

.debug
 *(.debug)

.line
 *(.line)

.debug_srcinfo
 *(.debug_srcinfo)

.debug_sfnames
 *(.debug_sfnames)

.debug_aranges  0x00000000      0x148
 *(.debug_aranges)
 .debug_aranges
                0x00000000       0xb0 FDR-1.o
 .debug_aranges
                0x000000b0       0x40 OWI/OWIBitFunctions.o
 .debug_aranges
                0x000000f0       0x58 OWI/OWIHighLevelFunctions.o

.debug_pubnames
 *(.debug_pubnames)

.debug_info     0x00000000     0x1498
 *(.debug_info .gnu.linkonce.wi.*)
 .debug_info    0x00000000      0xb20 FDR-1.o
 .debug_info    0x00000b20      0x406 OWI/OWIBitFunctions.o
 .debug_info    0x00000f26      0x572 OWI/OWIHighLevelFunctions.o

.debug_abbrev   0x00000000      0x57b
 *(.debug_abbrev)
 .debug_abbrev  0x00000000      0x266 FDR-1.o
 .debug_abbrev  0x00000266      0x130 OWI/OWIBitFunctions.o
 .debug_abbrev  0x00000396      0x1e5 OWI/OWIHighLevelFunctions.o

.debug_line     0x00000000      0x804
 *(.debug_line .debug_line.* .debug_line_end)
 .debug_line    0x00000000      0x489 FDR-1.o
 .debug_line    0x00000489      0x1da OWI/OWIBitFunctions.o
 .debug_line    0x00000663      0x1a1 OWI/OWIHighLevelFunctions.o

.debug_frame    0x00000000      0x428
 *(.debug_frame)
 .debug_frame   0x00000000      0x26c FDR-1.o
 .debug_frame   0x0000026c       0x64 OWI/OWIBitFunctions.o
 .debug_frame   0x000002d0      0x158 OWI/OWIHighLevelFunctions.o

.debug_str      0x00000000      0x5af
 *(.debug_str)
 .debug_str     0x00000000      0x3f8 FDR-1.o
                                0x448 (size before relaxing)
 .debug_str     0x000003f8       0xa2 OWI/OWIBitFunctions.o
                                0x216 (size before relaxing)
 .debug_str     0x0000049a      0x115 OWI/OWIHighLevelFunctions.o
                                0x2d6 (size before relaxing)

.debug_loc      0x00000000     0x1484
 *(.debug_loc)
 .debug_loc     0x00000000      0x940 FDR-1.o
 .debug_loc     0x00000940      0x126 OWI/OWIBitFunctions.o
 .debug_loc     0x00000a66      0xa1e OWI/OWIHighLevelFunctions.o

.debug_macinfo
 *(.debug_macinfo)

.debug_weaknames
 *(.debug_weaknames)

.debug_funcnames
 *(.debug_funcnames)

.debug_typenames
 *(.debug_typenames)

.debug_varnames
 *(.debug_varnames)

.debug_pubtypes
 *(.debug_pubtypes)

.debug_ranges   0x00000000      0x118
 *(.debug_ranges)
 .debug_ranges  0x00000000       0xa0 FDR-1.o
 .debug_ranges  0x000000a0       0x30 OWI/OWIBitFunctions.o
 .debug_ranges  0x000000d0       0x48 OWI/OWIHighLevelFunctions.o

.debug_macro
 *(.debug_macro)
OUTPUT(FDR-1.elf elf32-avr)
LOAD linker stubs
